org.game_host.hebo.nullpomino.game.subsystem.mode.MarathonMode
org.game_host.hebo.nullpomino.game.subsystem.mode.MarathonPlusMode
org.game_host.hebo.nullpomino.game.subsystem.mode.ExtremeMode
org.game_host.hebo.nullpomino.game.subsystem.mode.LineRaceMode
org.game_host.hebo.nullpomino.game.subsystem.mode.ScoreRaceMode
org.game_host.hebo.nullpomino.game.subsystem.mode.DigRaceMode
org.game_host.hebo.nullpomino.game.subsystem.mode.UltraMode
org.game_host.hebo.nullpomino.game.subsystem.mode.TechnicianMode
org.game_host.hebo.nullpomino.game.subsystem.mode.SquareMode
org.game_host.hebo.nullpomino.game.subsystem.mode.ClassicMarathonMode
org.game_host.hebo.nullpomino.game.subsystem.mode.RetroManiaMode
org.game_host.hebo.nullpomino.game.subsystem.mode.GradeManiaMode
org.game_host.hebo.nullpomino.game.subsystem.mode.GradeMania2Mode
org.game_host.hebo.nullpomino.game.subsystem.mode.GradeMania3Mode
org.game_host.hebo.nullpomino.game.subsystem.mode.ScoreAttackMode
org.game_host.hebo.nullpomino.game.subsystem.mode.SpeedManiaMode
org.game_host.hebo.nullpomino.game.subsystem.mode.SpeedMania2Mode
org.game_host.hebo.nullpomino.game.subsystem.mode.GarbageManiaMode
org.game_host.hebo.nullpomino.game.subsystem.mode.PhantomManiaMode
org.game_host.hebo.nullpomino.game.subsystem.mode.FinalMode
org.game_host.hebo.nullpomino.game.subsystem.mode.TimeAttackMode
org.game_host.hebo.nullpomino.game.subsystem.mode.PracticeMode
org.game_host.hebo.nullpomino.game.subsystem.mode.GemManiaMode
org.game_host.hebo.nullpomino.game.subsystem.mode.VSBattleMode
org.game_host.hebo.nullpomino.game.subsystem.mode.ToolVSMapEditMode
org.game_host.hebo.nullpomino.game.subsystem.mode.NetVSBattleMode
