mu.nu.nullpo.game.subsystem.mode.MarathonMode
mu.nu.nullpo.game.subsystem.mode.MarathonPlusMode
mu.nu.nullpo.game.subsystem.mode.ExtremeMode
mu.nu.nullpo.game.subsystem.mode.LineRaceMode
mu.nu.nullpo.game.subsystem.mode.ScoreRaceMode
mu.nu.nullpo.game.subsystem.mode.DigRaceMode
mu.nu.nullpo.game.subsystem.mode.ComboRaceMode
mu.nu.nullpo.game.subsystem.mode.UltraMode
mu.nu.nullpo.game.subsystem.mode.TechnicianMode
mu.nu.nullpo.game.subsystem.mode.SquareMode
mu.nu.nullpo.game.subsystem.mode.DigChallengeMode
mu.nu.nullpo.game.subsystem.mode.RetroMarathonMode
mu.nu.nullpo.game.subsystem.mode.RetroMasteryMode
mu.nu.nullpo.game.subsystem.mode.RetroManiaMode
mu.nu.nullpo.game.subsystem.mode.GradeManiaMode
mu.nu.nullpo.game.subsystem.mode.GradeMania2Mode
mu.nu.nullpo.game.subsystem.mode.GradeMania3Mode
mu.nu.nullpo.game.subsystem.mode.ScoreAttackMode
mu.nu.nullpo.game.subsystem.mode.SpeedManiaMode
mu.nu.nullpo.game.subsystem.mode.SpeedMania2Mode
mu.nu.nullpo.game.subsystem.mode.GarbageManiaMode
mu.nu.nullpo.game.subsystem.mode.PhantomManiaMode
mu.nu.nullpo.game.subsystem.mode.FinalMode
mu.nu.nullpo.game.subsystem.mode.TimeAttackMode
mu.nu.nullpo.game.subsystem.mode.PracticeMode
mu.nu.nullpo.game.subsystem.mode.GemManiaMode
mu.nu.nullpo.game.subsystem.mode.VSLineRaceMode
mu.nu.nullpo.game.subsystem.mode.VSDigRaceMode
mu.nu.nullpo.game.subsystem.mode.VSBattleMode
mu.nu.nullpo.game.subsystem.mode.ToolVSMapEditMode
mu.nu.nullpo.game.subsystem.mode.NetVSBattleMode
mu.nu.nullpo.game.subsystem.mode.AvalancheMode
mu.nu.nullpo.game.subsystem.mode.AvalancheFeverMode
mu.nu.nullpo.game.subsystem.mode.AvalancheVSMode
mu.nu.nullpo.game.subsystem.mode.AvalancheVSFeverMode
mu.nu.nullpo.game.subsystem.mode.AvalancheVSDigRaceMode
mu.nu.nullpo.game.subsystem.mode.AvalancheVSBombBattleMode
mu.nu.nullpo.game.subsystem.mode.AvalancheVSSPFMode
mu.nu.nullpo.game.subsystem.mode.PhysicianMode
mu.nu.nullpo.game.subsystem.mode.PhysicianVSMode
mu.nu.nullpo.game.subsystem.mode.SPFMode
