net.omegaboshi.nullpomino.game.subsystem.randomizer.MemorylessRandomizer
net.omegaboshi.nullpomino.game.subsystem.randomizer.BagRandomizer
net.omegaboshi.nullpomino.game.subsystem.randomizer.BagNoSZORandomizer
net.omegaboshi.nullpomino.game.subsystem.randomizer.BagBonusRandomizer
net.omegaboshi.nullpomino.game.subsystem.randomizer.BagBonusBagRandomizer
net.omegaboshi.nullpomino.game.subsystem.randomizer.DoubleBagRandomizer
net.omegaboshi.nullpomino.game.subsystem.randomizer.NineBagRandomizer
net.omegaboshi.nullpomino.game.subsystem.randomizer.BagMinusRandomizer
net.omegaboshi.nullpomino.game.subsystem.randomizer.BagMinusTwoRandomizer
net.omegaboshi.nullpomino.game.subsystem.randomizer.History4RollsRandomizer
net.omegaboshi.nullpomino.game.subsystem.randomizer.History6RollsRandomizer
net.omegaboshi.nullpomino.game.subsystem.randomizer.StrictHistoryRandomizer
net.omegaboshi.nullpomino.game.subsystem.randomizer.NintendoRandomizer
net.omegaboshi.nullpomino.game.subsystem.randomizer.GameBoyRandomizer
net.omegaboshi.nullpomino.game.subsystem.randomizer.LinearDistWeightRandomizer
net.omegaboshi.nullpomino.game.subsystem.randomizer.QuadraticDistWeightRandomizer
net.omegaboshi.nullpomino.game.subsystem.randomizer.ExpDistWeightRandomizer
net.omegaboshi.nullpomino.game.subsystem.randomizer.FixedSequenceRandomizer

